

================================================================
== Vivado HLS Report for 'hw_conv'
================================================================
* Date:           Mon May  1 16:29:57 2023

* Version:        2018.3 (Build 2405991 on Thu Dec 06 23:56:15 MST 2018)
* Project:        lab6
* Solution:       solution1
* Product family: zynq
* Target device:  xc7z020clg400-1


================================================================
== Performance Estimates
================================================================
+ Timing (ns): 
    * Summary: 
    +--------+-------+----------+------------+
    |  Clock | Target| Estimated| Uncertainty|
    +--------+-------+----------+------------+
    |ap_clk  |  10.00|     7.524|        1.25|
    +--------+-------+----------+------------+

+ Latency (clock cycles): 
    * Summary: 
    +-----------+-----------+-----------+-----------+---------+
    |        Latency        |        Interval       | Pipeline|
    |    min    |    max    |    min    |    max    |   Type  |
    +-----------+-----------+-----------+-----------+---------+
    |  134481433|  134481433|  134481433|  134481433|   none  |
    +-----------+-----------+-----------+-----------+---------+

    + Detail: 
        * Instance: 
        N/A

        * Loop: 
        +-------------+-----------+-----------+----------+-----------+-----------+--------+----------+
        |             |        Latency        | Iteration|  Initiation Interval  |  Trip  |          |
        |  Loop Name  |    min    |    max    |  Latency |  achieved |   target  |  Count | Pipelined|
        +-------------+-----------+-----------+----------+-----------+-----------+--------+----------+
        |- Loop 1     |         24|         24|         8|          -|          -|       3|    no    |
        | + Loop 1.1  |          6|          6|         2|          -|          -|       3|    no    |
        |- Loop 2     |       1022|       1022|       511|          -|          -|       2|    no    |
        | + Loop 2.1  |        509|        509|         1|          -|          -|     509|    no    |
        |- Loop 3     |  134480384|  134480384|       512|          -|          -|  262657|    no    |
        +-------------+-----------+-----------+----------+-----------+-----------+--------+----------+



================================================================
== Utilization Estimates
================================================================
* Summary: 
+-----------------+---------+-------+--------+-------+
|       Name      | BRAM_18K| DSP48E|   FF   |  LUT  |
+-----------------+---------+-------+--------+-------+
|DSP              |        -|      -|       -|      -|
|Expression       |        -|      -|       0|    345|
|FIFO             |        -|      -|       -|      -|
|Instance         |        -|      -|       -|      -|
|Memory           |        2|      -|       0|      0|
|Multiplexer      |        -|      -|       -|  15580|
|Register         |        -|      -|    8854|      -|
+-----------------+---------+-------+--------+-------+
|Total            |        2|      0|    8854|  15925|
+-----------------+---------+-------+--------+-------+
|Available        |      280|    220|  106400|  53200|
+-----------------+---------+-------+--------+-------+
|Utilization (%)  |    ~0   |      0|       8|     29|
+-----------------+---------+-------+--------+-------+

+ Detail: 
    * Instance: 
    N/A

    * DSP48: 
    N/A

    * Memory: 
    +----------+----------------+---------+---+----+------+-----+------+-------------+
    |  Memory  |     Module     | BRAM_18K| FF| LUT| Words| Bits| Banks| W*Bits*Banks|
    +----------+----------------+---------+---+----+------+-----+------+-------------+
    |lbuf_0_U  |hw_conv_lbuf_0  |        1|  0|   0|   509|    8|     1|         4072|
    |lbuf_1_U  |hw_conv_lbuf_0  |        1|  0|   0|   509|    8|     1|         4072|
    +----------+----------------+---------+---+----+------+-----+------+-------------+
    |Total     |                |        2|  0|   0|  1018|   16|     2|         8144|
    +----------+----------------+---------+---+----+------+-----+------+-------------+

    * FIFO: 
    N/A

    * Expression: 
    +--------------------------------+----------+-------+---+----+------------+------------+
    |          Variable Name         | Operation| DSP48E| FF| LUT| Bitwidth P0| Bitwidth P1|
    +--------------------------------+----------+-------+---+----+------------+------------+
    |c_1_fu_8586_p2                  |     +    |      0|  0|  10|           2|           1|
    |c_2_fu_8658_p2                  |     +    |      0|  0|  15|           9|           1|
    |i_1_fu_8676_p2                  |     +    |      0|  0|  26|          19|           1|
    |r_1_fu_8574_p2                  |     +    |      0|  0|  10|           2|           1|
    |r_2_fu_8638_p2                  |     +    |      0|  0|  10|           2|           1|
    |result_3_1_fu_8734_p2           |     +    |      0|  0|  14|          10|          10|
    |result_fu_8801_p2               |     +    |      0|  0|  12|          12|          12|
    |tmp1_fu_8714_p2                 |     +    |      0|  0|  15|           9|           9|
    |tmp2_fu_8724_p2                 |     +    |      0|  0|  15|           9|           9|
    |tmp5_fu_8776_p2                 |     +    |      0|  0|  12|          12|          12|
    |tmp6_fu_8791_p2                 |     +    |      0|  0|  14|          10|          10|
    |tmp7_fu_8781_p2                 |     +    |      0|  0|  15|           9|           9|
    |result_3_1_1_fu_8756_p2         |     -    |      0|  0|  12|          12|          12|
    |ap_block_state515               |    and   |      0|  0|   2|           1|           1|
    |ap_block_state517_io            |    and   |      0|  0|   2|           1|           1|
    |ap_block_state518_io            |    and   |      0|  0|   2|           1|           1|
    |sin_V_data_V_0_load_A           |    and   |      0|  0|   2|           1|           1|
    |sin_V_data_V_0_load_B           |    and   |      0|  0|   2|           1|           1|
    |sout_V_data_V_1_load_A          |    and   |      0|  0|   2|           1|           1|
    |sout_V_data_V_1_load_B          |    and   |      0|  0|   2|           1|           1|
    |sout_V_last_V_1_load_A          |    and   |      0|  0|   2|           1|           1|
    |sout_V_last_V_1_load_B          |    and   |      0|  0|   2|           1|           1|
    |exitcond1_fu_8568_p2            |   icmp   |      0|  0|   8|           2|           2|
    |exitcond2_fu_8632_p2            |   icmp   |      0|  0|   9|           2|           3|
    |exitcond3_fu_8580_p2            |   icmp   |      0|  0|   8|           2|           2|
    |exitcond4_fu_8670_p2            |   icmp   |      0|  0|  18|          19|          19|
    |exitcond5_fu_8652_p2            |   icmp   |      0|  0|  13|           9|           3|
    |icmp_fu_8817_p2                 |   icmp   |      0|  0|   9|           4|           1|
    |sin_V_data_V_0_state_cmp_full   |   icmp   |      0|  0|   8|           2|           1|
    |sout_V_data_V_1_state_cmp_full  |   icmp   |      0|  0|   8|           2|           1|
    |sout_V_last_V_1_state_cmp_full  |   icmp   |      0|  0|   8|           2|           1|
    |tmp_2_fu_8837_p2                |   icmp   |      0|  0|  18|          19|          10|
    |tmp_last_V_fu_8856_p2           |   icmp   |      0|  0|  18|          19|          19|
    |ap_block_state7                 |    or    |      0|  0|   2|           1|           1|
    |p_s_fu_8822_p3                  |  select  |      0|  0|  12|           1|           8|
    |tmp_V_fu_8847_p3                |  select  |      0|  0|   8|           1|           1|
    +--------------------------------+----------+-------+---+----+------------+------------+
    |Total                           |          |      0|  0| 345|         211|         169|
    +--------------------------------+----------+-------+---+----+------------+------------+

    * Multiplexer: 
    +--------------------------+------+-----------+-----+-----------+
    |           Name           |  LUT | Input Size| Bits| Total Bits|
    +--------------------------+------+-----------+-----+-----------+
    |ap_NS_fsm                 |  2193|        519|    1|        519|
    |c2_reg_8420               |     9|          2|    9|         18|
    |c_reg_8398                |     9|          2|    2|          4|
    |i_reg_8507                |     9|          2|   19|         38|
    |kbuf_0_0_reg_8496         |     9|          2|    8|         16|
    |kbuf_0_1_10_reg_8486      |     9|          2|    8|         16|
    |kbuf_1_0_3_reg_8474       |     9|          2|    8|         16|
    |kbuf_1_0_reg_8463         |     9|          2|    8|         16|
    |kbuf_1_1_9_reg_8453       |     9|          2|    8|         16|
    |kbuf_2_0_3_reg_8441       |     9|          2|    8|         16|
    |kbuf_2_0_reg_8431         |     9|          2|    8|         16|
    |kbuf_2_1_7_fu_1174        |     9|          2|    8|         16|
    |lbuf_0_address0           |  2185|        510|    9|       4590|
    |lbuf_0_address1           |  2181|        509|    9|       4581|
    |lbuf_0_d0                 |  1089|        256|    8|       2048|
    |lbuf_0_d1                 |  1081|        254|    8|       2032|
    |lbuf_1_address0           |  2185|        510|    9|       4590|
    |lbuf_1_address1           |  2181|        509|    9|       4581|
    |lbuf_1_d0                 |  1089|        256|    8|       2048|
    |lbuf_1_d1                 |  1081|        254|    8|       2032|
    |r1_reg_8409               |     9|          2|    2|          4|
    |r_reg_8386                |     9|          2|    2|          4|
    |reg_8532                  |     9|          2|    8|         16|
    |reg_8538                  |     9|          2|    8|         16|
    |sin_TDATA_blk_n           |     9|          2|    1|          2|
    |sin_V_data_V_0_data_out   |     9|          2|    8|         16|
    |sin_V_data_V_0_state      |    15|          3|    2|          6|
    |sin_V_dest_V_0_state      |    15|          3|    2|          6|
    |sout_TDATA_blk_n          |     9|          2|    1|          2|
    |sout_V_data_V_1_data_out  |     9|          2|    8|         16|
    |sout_V_data_V_1_state     |    15|          3|    2|          6|
    |sout_V_dest_V_1_state     |    15|          3|    2|          6|
    |sout_V_id_V_1_state       |    15|          3|    2|          6|
    |sout_V_keep_V_1_state     |    15|          3|    2|          6|
    |sout_V_last_V_1_data_out  |     9|          2|    1|          2|
    |sout_V_last_V_1_state     |    15|          3|    2|          6|
    |sout_V_strb_V_1_state     |    15|          3|    2|          6|
    |sout_V_user_V_1_state     |    15|          3|    2|          6|
    +--------------------------+------+-----------+-----+-----------+
    |Total                     | 15580|       3644|  220|      27341|
    +--------------------------+------+-----------+-----+-----------+

    * Register: 
    +---------------------------+-----+----+-----+-----------+
    |            Name           |  FF | LUT| Bits| Const Bits|
    +---------------------------+-----+----+-----+-----------+
    |ap_CS_fsm                  |  518|   0|  518|          0|
    |c2_reg_8420                |    9|   0|    9|          0|
    |c_1_reg_8962               |    2|   0|    2|          0|
    |c_reg_8398                 |    2|   0|    2|          0|
    |i_1_reg_15107              |   19|   0|   19|          0|
    |i_reg_8507                 |   19|   0|   19|          0|
    |kbuf_0_0_reg_8496          |    8|   0|    8|          0|
    |kbuf_0_1_10_reg_8486       |    8|   0|    8|          0|
    |kbuf_0_2_12_reg_15112      |    8|   0|    8|          0|
    |kbuf_1_0_3_reg_8474        |    8|   0|    8|          0|
    |kbuf_1_0_reg_8463          |    8|   0|    8|          0|
    |kbuf_1_1_9_reg_8453        |    8|   0|    8|          0|
    |kbuf_1_2_13_reg_15118      |    8|   0|    8|          0|
    |kbuf_2_0_3_reg_8441        |    8|   0|    8|          0|
    |kbuf_2_0_reg_8431          |    8|   0|    8|          0|
    |kbuf_2_1_1_reg_15098       |    8|   0|    8|          0|
    |kbuf_2_1_7_fu_1174         |    8|   0|    8|          0|
    |lbuf_0_load_100_reg_16099  |    8|   0|    8|          0|
    |lbuf_0_load_101_reg_16114  |    8|   0|    8|          0|
    |lbuf_0_load_102_reg_16119  |    8|   0|    8|          0|
    |lbuf_0_load_103_reg_16134  |    8|   0|    8|          0|
    |lbuf_0_load_104_reg_16139  |    8|   0|    8|          0|
    |lbuf_0_load_105_reg_16154  |    8|   0|    8|          0|
    |lbuf_0_load_106_reg_16159  |    8|   0|    8|          0|
    |lbuf_0_load_107_reg_16174  |    8|   0|    8|          0|
    |lbuf_0_load_108_reg_16179  |    8|   0|    8|          0|
    |lbuf_0_load_109_reg_16194  |    8|   0|    8|          0|
    |lbuf_0_load_10_reg_15199   |    8|   0|    8|          0|
    |lbuf_0_load_110_reg_16199  |    8|   0|    8|          0|
    |lbuf_0_load_111_reg_16214  |    8|   0|    8|          0|
    |lbuf_0_load_112_reg_16219  |    8|   0|    8|          0|
    |lbuf_0_load_113_reg_16234  |    8|   0|    8|          0|
    |lbuf_0_load_114_reg_16239  |    8|   0|    8|          0|
    |lbuf_0_load_115_reg_16254  |    8|   0|    8|          0|
    |lbuf_0_load_116_reg_16259  |    8|   0|    8|          0|
    |lbuf_0_load_117_reg_16274  |    8|   0|    8|          0|
    |lbuf_0_load_118_reg_16279  |    8|   0|    8|          0|
    |lbuf_0_load_119_reg_16294  |    8|   0|    8|          0|
    |lbuf_0_load_11_reg_15214   |    8|   0|    8|          0|
    |lbuf_0_load_120_reg_16299  |    8|   0|    8|          0|
    |lbuf_0_load_121_reg_16314  |    8|   0|    8|          0|
    |lbuf_0_load_122_reg_16319  |    8|   0|    8|          0|
    |lbuf_0_load_123_reg_16334  |    8|   0|    8|          0|
    |lbuf_0_load_124_reg_16339  |    8|   0|    8|          0|
    |lbuf_0_load_125_reg_16354  |    8|   0|    8|          0|
    |lbuf_0_load_126_reg_16359  |    8|   0|    8|          0|
    |lbuf_0_load_127_reg_16374  |    8|   0|    8|          0|
    |lbuf_0_load_128_reg_16379  |    8|   0|    8|          0|
    |lbuf_0_load_129_reg_16394  |    8|   0|    8|          0|
    |lbuf_0_load_12_reg_15219   |    8|   0|    8|          0|
    |lbuf_0_load_130_reg_16399  |    8|   0|    8|          0|
    |lbuf_0_load_131_reg_16414  |    8|   0|    8|          0|
    |lbuf_0_load_132_reg_16419  |    8|   0|    8|          0|
    |lbuf_0_load_133_reg_16434  |    8|   0|    8|          0|
    |lbuf_0_load_134_reg_16439  |    8|   0|    8|          0|
    |lbuf_0_load_135_reg_16454  |    8|   0|    8|          0|
    |lbuf_0_load_136_reg_16459  |    8|   0|    8|          0|
    |lbuf_0_load_137_reg_16474  |    8|   0|    8|          0|
    |lbuf_0_load_138_reg_16479  |    8|   0|    8|          0|
    |lbuf_0_load_139_reg_16494  |    8|   0|    8|          0|
    |lbuf_0_load_13_reg_15234   |    8|   0|    8|          0|
    |lbuf_0_load_140_reg_16499  |    8|   0|    8|          0|
    |lbuf_0_load_141_reg_16514  |    8|   0|    8|          0|
    |lbuf_0_load_142_reg_16519  |    8|   0|    8|          0|
    |lbuf_0_load_143_reg_16534  |    8|   0|    8|          0|
    |lbuf_0_load_144_reg_16539  |    8|   0|    8|          0|
    |lbuf_0_load_145_reg_16554  |    8|   0|    8|          0|
    |lbuf_0_load_146_reg_16559  |    8|   0|    8|          0|
    |lbuf_0_load_147_reg_16574  |    8|   0|    8|          0|
    |lbuf_0_load_148_reg_16579  |    8|   0|    8|          0|
    |lbuf_0_load_149_reg_16594  |    8|   0|    8|          0|
    |lbuf_0_load_14_reg_15239   |    8|   0|    8|          0|
    |lbuf_0_load_150_reg_16599  |    8|   0|    8|          0|
    |lbuf_0_load_151_reg_16614  |    8|   0|    8|          0|
    |lbuf_0_load_152_reg_16619  |    8|   0|    8|          0|
    |lbuf_0_load_153_reg_16634  |    8|   0|    8|          0|
    |lbuf_0_load_154_reg_16639  |    8|   0|    8|          0|
    |lbuf_0_load_155_reg_16654  |    8|   0|    8|          0|
    |lbuf_0_load_156_reg_16659  |    8|   0|    8|          0|
    |lbuf_0_load_157_reg_16674  |    8|   0|    8|          0|
    |lbuf_0_load_158_reg_16679  |    8|   0|    8|          0|
    |lbuf_0_load_159_reg_16694  |    8|   0|    8|          0|
    |lbuf_0_load_15_reg_15254   |    8|   0|    8|          0|
    |lbuf_0_load_160_reg_16699  |    8|   0|    8|          0|
    |lbuf_0_load_161_reg_16714  |    8|   0|    8|          0|
    |lbuf_0_load_162_reg_16719  |    8|   0|    8|          0|
    |lbuf_0_load_163_reg_16734  |    8|   0|    8|          0|
    |lbuf_0_load_164_reg_16739  |    8|   0|    8|          0|
    |lbuf_0_load_165_reg_16754  |    8|   0|    8|          0|
    |lbuf_0_load_166_reg_16759  |    8|   0|    8|          0|
    |lbuf_0_load_167_reg_16774  |    8|   0|    8|          0|
    |lbuf_0_load_168_reg_16779  |    8|   0|    8|          0|
    |lbuf_0_load_169_reg_16794  |    8|   0|    8|          0|
    |lbuf_0_load_16_reg_15259   |    8|   0|    8|          0|
    |lbuf_0_load_170_reg_16799  |    8|   0|    8|          0|
    |lbuf_0_load_171_reg_16814  |    8|   0|    8|          0|
    |lbuf_0_load_172_reg_16819  |    8|   0|    8|          0|
    |lbuf_0_load_173_reg_16834  |    8|   0|    8|          0|
    |lbuf_0_load_174_reg_16839  |    8|   0|    8|          0|
    |lbuf_0_load_175_reg_16854  |    8|   0|    8|          0|
    |lbuf_0_load_176_reg_16859  |    8|   0|    8|          0|
    |lbuf_0_load_177_reg_16874  |    8|   0|    8|          0|
    |lbuf_0_load_178_reg_16879  |    8|   0|    8|          0|
    |lbuf_0_load_179_reg_16894  |    8|   0|    8|          0|
    |lbuf_0_load_17_reg_15274   |    8|   0|    8|          0|
    |lbuf_0_load_180_reg_16899  |    8|   0|    8|          0|
    |lbuf_0_load_181_reg_16914  |    8|   0|    8|          0|
    |lbuf_0_load_182_reg_16919  |    8|   0|    8|          0|
    |lbuf_0_load_183_reg_16934  |    8|   0|    8|          0|
    |lbuf_0_load_184_reg_16939  |    8|   0|    8|          0|
    |lbuf_0_load_185_reg_16954  |    8|   0|    8|          0|
    |lbuf_0_load_186_reg_16959  |    8|   0|    8|          0|
    |lbuf_0_load_187_reg_16974  |    8|   0|    8|          0|
    |lbuf_0_load_188_reg_16979  |    8|   0|    8|          0|
    |lbuf_0_load_189_reg_16994  |    8|   0|    8|          0|
    |lbuf_0_load_18_reg_15279   |    8|   0|    8|          0|
    |lbuf_0_load_190_reg_16999  |    8|   0|    8|          0|
    |lbuf_0_load_191_reg_17014  |    8|   0|    8|          0|
    |lbuf_0_load_192_reg_17019  |    8|   0|    8|          0|
    |lbuf_0_load_193_reg_17034  |    8|   0|    8|          0|
    |lbuf_0_load_194_reg_17039  |    8|   0|    8|          0|
    |lbuf_0_load_195_reg_17054  |    8|   0|    8|          0|
    |lbuf_0_load_196_reg_17059  |    8|   0|    8|          0|
    |lbuf_0_load_197_reg_17074  |    8|   0|    8|          0|
    |lbuf_0_load_198_reg_17079  |    8|   0|    8|          0|
    |lbuf_0_load_199_reg_17094  |    8|   0|    8|          0|
    |lbuf_0_load_19_reg_15294   |    8|   0|    8|          0|
    |lbuf_0_load_200_reg_17099  |    8|   0|    8|          0|
    |lbuf_0_load_201_reg_17114  |    8|   0|    8|          0|
    |lbuf_0_load_202_reg_17119  |    8|   0|    8|          0|
    |lbuf_0_load_203_reg_17134  |    8|   0|    8|          0|
    |lbuf_0_load_204_reg_17139  |    8|   0|    8|          0|
    |lbuf_0_load_205_reg_17154  |    8|   0|    8|          0|
    |lbuf_0_load_206_reg_17159  |    8|   0|    8|          0|
    |lbuf_0_load_207_reg_17174  |    8|   0|    8|          0|
    |lbuf_0_load_208_reg_17179  |    8|   0|    8|          0|
    |lbuf_0_load_209_reg_17194  |    8|   0|    8|          0|
    |lbuf_0_load_20_reg_15299   |    8|   0|    8|          0|
    |lbuf_0_load_210_reg_17199  |    8|   0|    8|          0|
    |lbuf_0_load_211_reg_17214  |    8|   0|    8|          0|
    |lbuf_0_load_212_reg_17219  |    8|   0|    8|          0|
    |lbuf_0_load_213_reg_17234  |    8|   0|    8|          0|
    |lbuf_0_load_214_reg_17239  |    8|   0|    8|          0|
    |lbuf_0_load_215_reg_17254  |    8|   0|    8|          0|
    |lbuf_0_load_216_reg_17259  |    8|   0|    8|          0|
    |lbuf_0_load_217_reg_17274  |    8|   0|    8|          0|
    |lbuf_0_load_218_reg_17279  |    8|   0|    8|          0|
    |lbuf_0_load_219_reg_17294  |    8|   0|    8|          0|
    |lbuf_0_load_21_reg_15314   |    8|   0|    8|          0|
    |lbuf_0_load_220_reg_17299  |    8|   0|    8|          0|
    |lbuf_0_load_221_reg_17314  |    8|   0|    8|          0|
    |lbuf_0_load_222_reg_17319  |    8|   0|    8|          0|
    |lbuf_0_load_223_reg_17334  |    8|   0|    8|          0|
    |lbuf_0_load_224_reg_17339  |    8|   0|    8|          0|
    |lbuf_0_load_225_reg_17354  |    8|   0|    8|          0|
    |lbuf_0_load_226_reg_17359  |    8|   0|    8|          0|
    |lbuf_0_load_227_reg_17374  |    8|   0|    8|          0|
    |lbuf_0_load_228_reg_17379  |    8|   0|    8|          0|
    |lbuf_0_load_229_reg_17394  |    8|   0|    8|          0|
    |lbuf_0_load_22_reg_15319   |    8|   0|    8|          0|
    |lbuf_0_load_230_reg_17399  |    8|   0|    8|          0|
    |lbuf_0_load_231_reg_17414  |    8|   0|    8|          0|
    |lbuf_0_load_232_reg_17419  |    8|   0|    8|          0|
    |lbuf_0_load_233_reg_17434  |    8|   0|    8|          0|
    |lbuf_0_load_234_reg_17439  |    8|   0|    8|          0|
    |lbuf_0_load_235_reg_17454  |    8|   0|    8|          0|
    |lbuf_0_load_236_reg_17459  |    8|   0|    8|          0|
    |lbuf_0_load_237_reg_17474  |    8|   0|    8|          0|
    |lbuf_0_load_238_reg_17479  |    8|   0|    8|          0|
    |lbuf_0_load_239_reg_17494  |    8|   0|    8|          0|
    |lbuf_0_load_23_reg_15334   |    8|   0|    8|          0|
    |lbuf_0_load_240_reg_17499  |    8|   0|    8|          0|
    |lbuf_0_load_241_reg_17514  |    8|   0|    8|          0|
    |lbuf_0_load_242_reg_17519  |    8|   0|    8|          0|
    |lbuf_0_load_243_reg_17534  |    8|   0|    8|          0|
    |lbuf_0_load_244_reg_17539  |    8|   0|    8|          0|
    |lbuf_0_load_245_reg_17554  |    8|   0|    8|          0|
    |lbuf_0_load_246_reg_17559  |    8|   0|    8|          0|
    |lbuf_0_load_247_reg_17574  |    8|   0|    8|          0|
    |lbuf_0_load_248_reg_17579  |    8|   0|    8|          0|
    |lbuf_0_load_249_reg_17594  |    8|   0|    8|          0|
    |lbuf_0_load_24_reg_15339   |    8|   0|    8|          0|
    |lbuf_0_load_250_reg_17599  |    8|   0|    8|          0|
    |lbuf_0_load_251_reg_17614  |    8|   0|    8|          0|
    |lbuf_0_load_252_reg_17619  |    8|   0|    8|          0|
    |lbuf_0_load_253_reg_17634  |    8|   0|    8|          0|
    |lbuf_0_load_254_reg_17639  |    8|   0|    8|          0|
    |lbuf_0_load_255_reg_17654  |    8|   0|    8|          0|
    |lbuf_0_load_256_reg_17659  |    8|   0|    8|          0|
    |lbuf_0_load_257_reg_17674  |    8|   0|    8|          0|
    |lbuf_0_load_258_reg_17679  |    8|   0|    8|          0|
    |lbuf_0_load_259_reg_17694  |    8|   0|    8|          0|
    |lbuf_0_load_25_reg_15354   |    8|   0|    8|          0|
    |lbuf_0_load_260_reg_17699  |    8|   0|    8|          0|
    |lbuf_0_load_261_reg_17714  |    8|   0|    8|          0|
    |lbuf_0_load_262_reg_17719  |    8|   0|    8|          0|
    |lbuf_0_load_263_reg_17734  |    8|   0|    8|          0|
    |lbuf_0_load_264_reg_17739  |    8|   0|    8|          0|
    |lbuf_0_load_265_reg_17754  |    8|   0|    8|          0|
    |lbuf_0_load_266_reg_17759  |    8|   0|    8|          0|
    |lbuf_0_load_267_reg_17774  |    8|   0|    8|          0|
    |lbuf_0_load_268_reg_17779  |    8|   0|    8|          0|
    |lbuf_0_load_269_reg_17794  |    8|   0|    8|          0|
    |lbuf_0_load_26_reg_15359   |    8|   0|    8|          0|
    |lbuf_0_load_270_reg_17799  |    8|   0|    8|          0|
    |lbuf_0_load_271_reg_17814  |    8|   0|    8|          0|
    |lbuf_0_load_272_reg_17819  |    8|   0|    8|          0|
    |lbuf_0_load_273_reg_17834  |    8|   0|    8|          0|
    |lbuf_0_load_274_reg_17839  |    8|   0|    8|          0|
    |lbuf_0_load_275_reg_17854  |    8|   0|    8|          0|
    |lbuf_0_load_276_reg_17859  |    8|   0|    8|          0|
    |lbuf_0_load_277_reg_17874  |    8|   0|    8|          0|
    |lbuf_0_load_278_reg_17879  |    8|   0|    8|          0|
    |lbuf_0_load_279_reg_17894  |    8|   0|    8|          0|
    |lbuf_0_load_27_reg_15374   |    8|   0|    8|          0|
    |lbuf_0_load_280_reg_17899  |    8|   0|    8|          0|
    |lbuf_0_load_281_reg_17914  |    8|   0|    8|          0|
    |lbuf_0_load_282_reg_17919  |    8|   0|    8|          0|
    |lbuf_0_load_283_reg_17934  |    8|   0|    8|          0|
    |lbuf_0_load_284_reg_17939  |    8|   0|    8|          0|
    |lbuf_0_load_285_reg_17954  |    8|   0|    8|          0|
    |lbuf_0_load_286_reg_17959  |    8|   0|    8|          0|
    |lbuf_0_load_287_reg_17974  |    8|   0|    8|          0|
    |lbuf_0_load_288_reg_17979  |    8|   0|    8|          0|
    |lbuf_0_load_289_reg_17994  |    8|   0|    8|          0|
    |lbuf_0_load_28_reg_15379   |    8|   0|    8|          0|
    |lbuf_0_load_290_reg_17999  |    8|   0|    8|          0|
    |lbuf_0_load_291_reg_18014  |    8|   0|    8|          0|
    |lbuf_0_load_292_reg_18019  |    8|   0|    8|          0|
    |lbuf_0_load_293_reg_18034  |    8|   0|    8|          0|
    |lbuf_0_load_294_reg_18039  |    8|   0|    8|          0|
    |lbuf_0_load_295_reg_18054  |    8|   0|    8|          0|
    |lbuf_0_load_296_reg_18059  |    8|   0|    8|          0|
    |lbuf_0_load_297_reg_18074  |    8|   0|    8|          0|
    |lbuf_0_load_298_reg_18079  |    8|   0|    8|          0|
    |lbuf_0_load_299_reg_18094  |    8|   0|    8|          0|
    |lbuf_0_load_29_reg_15394   |    8|   0|    8|          0|
    |lbuf_0_load_2_reg_15124    |    8|   0|    8|          0|
    |lbuf_0_load_300_reg_18099  |    8|   0|    8|          0|
    |lbuf_0_load_301_reg_18114  |    8|   0|    8|          0|
    |lbuf_0_load_302_reg_18119  |    8|   0|    8|          0|
    |lbuf_0_load_303_reg_18134  |    8|   0|    8|          0|
    |lbuf_0_load_304_reg_18139  |    8|   0|    8|          0|
    |lbuf_0_load_305_reg_18154  |    8|   0|    8|          0|
    |lbuf_0_load_306_reg_18159  |    8|   0|    8|          0|
    |lbuf_0_load_307_reg_18174  |    8|   0|    8|          0|
    |lbuf_0_load_308_reg_18179  |    8|   0|    8|          0|
    |lbuf_0_load_309_reg_18194  |    8|   0|    8|          0|
    |lbuf_0_load_30_reg_15399   |    8|   0|    8|          0|
    |lbuf_0_load_310_reg_18199  |    8|   0|    8|          0|
    |lbuf_0_load_311_reg_18214  |    8|   0|    8|          0|
    |lbuf_0_load_312_reg_18219  |    8|   0|    8|          0|
    |lbuf_0_load_313_reg_18234  |    8|   0|    8|          0|
    |lbuf_0_load_314_reg_18239  |    8|   0|    8|          0|
    |lbuf_0_load_315_reg_18254  |    8|   0|    8|          0|
    |lbuf_0_load_316_reg_18259  |    8|   0|    8|          0|
    |lbuf_0_load_317_reg_18274  |    8|   0|    8|          0|
    |lbuf_0_load_318_reg_18279  |    8|   0|    8|          0|
    |lbuf_0_load_319_reg_18294  |    8|   0|    8|          0|
    |lbuf_0_load_31_reg_15414   |    8|   0|    8|          0|
    |lbuf_0_load_320_reg_18299  |    8|   0|    8|          0|
    |lbuf_0_load_321_reg_18314  |    8|   0|    8|          0|
    |lbuf_0_load_322_reg_18319  |    8|   0|    8|          0|
    |lbuf_0_load_323_reg_18334  |    8|   0|    8|          0|
    |lbuf_0_load_324_reg_18339  |    8|   0|    8|          0|
    |lbuf_0_load_325_reg_18354  |    8|   0|    8|          0|
    |lbuf_0_load_326_reg_18359  |    8|   0|    8|          0|
    |lbuf_0_load_327_reg_18374  |    8|   0|    8|          0|
    |lbuf_0_load_328_reg_18379  |    8|   0|    8|          0|
    |lbuf_0_load_329_reg_18394  |    8|   0|    8|          0|
    |lbuf_0_load_32_reg_15419   |    8|   0|    8|          0|
    |lbuf_0_load_330_reg_18399  |    8|   0|    8|          0|
    |lbuf_0_load_331_reg_18414  |    8|   0|    8|          0|
    |lbuf_0_load_332_reg_18419  |    8|   0|    8|          0|
    |lbuf_0_load_333_reg_18434  |    8|   0|    8|          0|
    |lbuf_0_load_334_reg_18439  |    8|   0|    8|          0|
    |lbuf_0_load_335_reg_18454  |    8|   0|    8|          0|
    |lbuf_0_load_336_reg_18459  |    8|   0|    8|          0|
    |lbuf_0_load_337_reg_18474  |    8|   0|    8|          0|
    |lbuf_0_load_338_reg_18479  |    8|   0|    8|          0|
    |lbuf_0_load_339_reg_18494  |    8|   0|    8|          0|
    |lbuf_0_load_33_reg_15434   |    8|   0|    8|          0|
    |lbuf_0_load_340_reg_18499  |    8|   0|    8|          0|
    |lbuf_0_load_341_reg_18514  |    8|   0|    8|          0|
    |lbuf_0_load_342_reg_18519  |    8|   0|    8|          0|
    |lbuf_0_load_343_reg_18534  |    8|   0|    8|          0|
    |lbuf_0_load_344_reg_18539  |    8|   0|    8|          0|
    |lbuf_0_load_345_reg_18554  |    8|   0|    8|          0|
    |lbuf_0_load_346_reg_18559  |    8|   0|    8|          0|
    |lbuf_0_load_347_reg_18574  |    8|   0|    8|          0|
    |lbuf_0_load_348_reg_18579  |    8|   0|    8|          0|
    |lbuf_0_load_349_reg_18594  |    8|   0|    8|          0|
    |lbuf_0_load_34_reg_15439   |    8|   0|    8|          0|
    |lbuf_0_load_350_reg_18599  |    8|   0|    8|          0|
    |lbuf_0_load_351_reg_18614  |    8|   0|    8|          0|
    |lbuf_0_load_352_reg_18619  |    8|   0|    8|          0|
    |lbuf_0_load_353_reg_18634  |    8|   0|    8|          0|
    |lbuf_0_load_354_reg_18639  |    8|   0|    8|          0|
    |lbuf_0_load_355_reg_18654  |    8|   0|    8|          0|
    |lbuf_0_load_356_reg_18659  |    8|   0|    8|          0|
    |lbuf_0_load_357_reg_18674  |    8|   0|    8|          0|
    |lbuf_0_load_358_reg_18679  |    8|   0|    8|          0|
    |lbuf_0_load_359_reg_18694  |    8|   0|    8|          0|
    |lbuf_0_load_35_reg_15454   |    8|   0|    8|          0|
    |lbuf_0_load_360_reg_18699  |    8|   0|    8|          0|
    |lbuf_0_load_361_reg_18714  |    8|   0|    8|          0|
    |lbuf_0_load_362_reg_18719  |    8|   0|    8|          0|
    |lbuf_0_load_363_reg_18734  |    8|   0|    8|          0|
    |lbuf_0_load_364_reg_18739  |    8|   0|    8|          0|
    |lbuf_0_load_365_reg_18754  |    8|   0|    8|          0|
    |lbuf_0_load_366_reg_18759  |    8|   0|    8|          0|
    |lbuf_0_load_367_reg_18774  |    8|   0|    8|          0|
    |lbuf_0_load_368_reg_18779  |    8|   0|    8|          0|
    |lbuf_0_load_369_reg_18794  |    8|   0|    8|          0|
    |lbuf_0_load_36_reg_15459   |    8|   0|    8|          0|
    |lbuf_0_load_370_reg_18799  |    8|   0|    8|          0|
    |lbuf_0_load_371_reg_18814  |    8|   0|    8|          0|
    |lbuf_0_load_372_reg_18819  |    8|   0|    8|          0|
    |lbuf_0_load_373_reg_18834  |    8|   0|    8|          0|
    |lbuf_0_load_374_reg_18839  |    8|   0|    8|          0|
    |lbuf_0_load_375_reg_18854  |    8|   0|    8|          0|
    |lbuf_0_load_376_reg_18859  |    8|   0|    8|          0|
    |lbuf_0_load_377_reg_18874  |    8|   0|    8|          0|
    |lbuf_0_load_378_reg_18879  |    8|   0|    8|          0|
    |lbuf_0_load_379_reg_18894  |    8|   0|    8|          0|
    |lbuf_0_load_37_reg_15474   |    8|   0|    8|          0|
    |lbuf_0_load_380_reg_18899  |    8|   0|    8|          0|
    |lbuf_0_load_381_reg_18914  |    8|   0|    8|          0|
    |lbuf_0_load_382_reg_18919  |    8|   0|    8|          0|
    |lbuf_0_load_383_reg_18934  |    8|   0|    8|          0|
    |lbuf_0_load_384_reg_18939  |    8|   0|    8|          0|
    |lbuf_0_load_385_reg_18954  |    8|   0|    8|          0|
    |lbuf_0_load_386_reg_18959  |    8|   0|    8|          0|
    |lbuf_0_load_387_reg_18974  |    8|   0|    8|          0|
    |lbuf_0_load_388_reg_18979  |    8|   0|    8|          0|
    |lbuf_0_load_389_reg_18994  |    8|   0|    8|          0|
    |lbuf_0_load_38_reg_15479   |    8|   0|    8|          0|
    |lbuf_0_load_390_reg_18999  |    8|   0|    8|          0|
    |lbuf_0_load_391_reg_19014  |    8|   0|    8|          0|
    |lbuf_0_load_392_reg_19019  |    8|   0|    8|          0|
    |lbuf_0_load_393_reg_19034  |    8|   0|    8|          0|
    |lbuf_0_load_394_reg_19039  |    8|   0|    8|          0|
    |lbuf_0_load_395_reg_19054  |    8|   0|    8|          0|
    |lbuf_0_load_396_reg_19059  |    8|   0|    8|          0|
    |lbuf_0_load_397_reg_19074  |    8|   0|    8|          0|
    |lbuf_0_load_398_reg_19079  |    8|   0|    8|          0|
    |lbuf_0_load_399_reg_19094  |    8|   0|    8|          0|
    |lbuf_0_load_39_reg_15494   |    8|   0|    8|          0|
    |lbuf_0_load_3_reg_15134    |    8|   0|    8|          0|
    |lbuf_0_load_400_reg_19099  |    8|   0|    8|          0|
    |lbuf_0_load_401_reg_19114  |    8|   0|    8|          0|
    |lbuf_0_load_402_reg_19119  |    8|   0|    8|          0|
    |lbuf_0_load_403_reg_19134  |    8|   0|    8|          0|
    |lbuf_0_load_404_reg_19139  |    8|   0|    8|          0|
    |lbuf_0_load_405_reg_19154  |    8|   0|    8|          0|
    |lbuf_0_load_406_reg_19159  |    8|   0|    8|          0|
    |lbuf_0_load_407_reg_19174  |    8|   0|    8|          0|
    |lbuf_0_load_408_reg_19179  |    8|   0|    8|          0|
    |lbuf_0_load_409_reg_19194  |    8|   0|    8|          0|
    |lbuf_0_load_40_reg_15499   |    8|   0|    8|          0|
    |lbuf_0_load_410_reg_19199  |    8|   0|    8|          0|
    |lbuf_0_load_411_reg_19214  |    8|   0|    8|          0|
    |lbuf_0_load_412_reg_19219  |    8|   0|    8|          0|
    |lbuf_0_load_413_reg_19234  |    8|   0|    8|          0|
    |lbuf_0_load_414_reg_19239  |    8|   0|    8|          0|
    |lbuf_0_load_415_reg_19254  |    8|   0|    8|          0|
    |lbuf_0_load_416_reg_19259  |    8|   0|    8|          0|
    |lbuf_0_load_417_reg_19274  |    8|   0|    8|          0|
    |lbuf_0_load_418_reg_19279  |    8|   0|    8|          0|
    |lbuf_0_load_419_reg_19294  |    8|   0|    8|          0|
    |lbuf_0_load_41_reg_15514   |    8|   0|    8|          0|
    |lbuf_0_load_420_reg_19299  |    8|   0|    8|          0|
    |lbuf_0_load_421_reg_19314  |    8|   0|    8|          0|
    |lbuf_0_load_422_reg_19319  |    8|   0|    8|          0|
    |lbuf_0_load_423_reg_19334  |    8|   0|    8|          0|
    |lbuf_0_load_424_reg_19339  |    8|   0|    8|          0|
    |lbuf_0_load_425_reg_19354  |    8|   0|    8|          0|
    |lbuf_0_load_426_reg_19359  |    8|   0|    8|          0|
    |lbuf_0_load_427_reg_19374  |    8|   0|    8|          0|
    |lbuf_0_load_428_reg_19379  |    8|   0|    8|          0|
    |lbuf_0_load_429_reg_19394  |    8|   0|    8|          0|
    |lbuf_0_load_42_reg_15519   |    8|   0|    8|          0|
    |lbuf_0_load_430_reg_19399  |    8|   0|    8|          0|
    |lbuf_0_load_431_reg_19414  |    8|   0|    8|          0|
    |lbuf_0_load_432_reg_19419  |    8|   0|    8|          0|
    |lbuf_0_load_433_reg_19434  |    8|   0|    8|          0|
    |lbuf_0_load_434_reg_19439  |    8|   0|    8|          0|
    |lbuf_0_load_435_reg_19454  |    8|   0|    8|          0|
    |lbuf_0_load_436_reg_19459  |    8|   0|    8|          0|
    |lbuf_0_load_437_reg_19474  |    8|   0|    8|          0|
    |lbuf_0_load_438_reg_19479  |    8|   0|    8|          0|
    |lbuf_0_load_439_reg_19494  |    8|   0|    8|          0|
    |lbuf_0_load_43_reg_15534   |    8|   0|    8|          0|
    |lbuf_0_load_440_reg_19499  |    8|   0|    8|          0|
    |lbuf_0_load_441_reg_19514  |    8|   0|    8|          0|
    |lbuf_0_load_442_reg_19519  |    8|   0|    8|          0|
    |lbuf_0_load_443_reg_19534  |    8|   0|    8|          0|
    |lbuf_0_load_444_reg_19539  |    8|   0|    8|          0|
    |lbuf_0_load_445_reg_19554  |    8|   0|    8|          0|
    |lbuf_0_load_446_reg_19559  |    8|   0|    8|          0|
    |lbuf_0_load_447_reg_19574  |    8|   0|    8|          0|
    |lbuf_0_load_448_reg_19579  |    8|   0|    8|          0|
    |lbuf_0_load_449_reg_19594  |    8|   0|    8|          0|
    |lbuf_0_load_44_reg_15539   |    8|   0|    8|          0|
    |lbuf_0_load_450_reg_19599  |    8|   0|    8|          0|
    |lbuf_0_load_451_reg_19614  |    8|   0|    8|          0|
    |lbuf_0_load_452_reg_19619  |    8|   0|    8|          0|
    |lbuf_0_load_453_reg_19634  |    8|   0|    8|          0|
    |lbuf_0_load_454_reg_19639  |    8|   0|    8|          0|
    |lbuf_0_load_455_reg_19654  |    8|   0|    8|          0|
    |lbuf_0_load_456_reg_19659  |    8|   0|    8|          0|
    |lbuf_0_load_457_reg_19674  |    8|   0|    8|          0|
    |lbuf_0_load_458_reg_19679  |    8|   0|    8|          0|
    |lbuf_0_load_459_reg_19694  |    8|   0|    8|          0|
    |lbuf_0_load_45_reg_15554   |    8|   0|    8|          0|
    |lbuf_0_load_460_reg_19699  |    8|   0|    8|          0|
    |lbuf_0_load_461_reg_19714  |    8|   0|    8|          0|
    |lbuf_0_load_462_reg_19719  |    8|   0|    8|          0|
    |lbuf_0_load_463_reg_19734  |    8|   0|    8|          0|
    |lbuf_0_load_464_reg_19739  |    8|   0|    8|          0|
    |lbuf_0_load_465_reg_19754  |    8|   0|    8|          0|
    |lbuf_0_load_466_reg_19759  |    8|   0|    8|          0|
    |lbuf_0_load_467_reg_19774  |    8|   0|    8|          0|
    |lbuf_0_load_468_reg_19779  |    8|   0|    8|          0|
    |lbuf_0_load_469_reg_19794  |    8|   0|    8|          0|
    |lbuf_0_load_46_reg_15559   |    8|   0|    8|          0|
    |lbuf_0_load_470_reg_19799  |    8|   0|    8|          0|
    |lbuf_0_load_471_reg_19814  |    8|   0|    8|          0|
    |lbuf_0_load_472_reg_19819  |    8|   0|    8|          0|
    |lbuf_0_load_473_reg_19834  |    8|   0|    8|          0|
    |lbuf_0_load_474_reg_19839  |    8|   0|    8|          0|
    |lbuf_0_load_475_reg_19854  |    8|   0|    8|          0|
    |lbuf_0_load_476_reg_19859  |    8|   0|    8|          0|
    |lbuf_0_load_477_reg_19874  |    8|   0|    8|          0|
    |lbuf_0_load_478_reg_19879  |    8|   0|    8|          0|
    |lbuf_0_load_479_reg_19894  |    8|   0|    8|          0|
    |lbuf_0_load_47_reg_15574   |    8|   0|    8|          0|
    |lbuf_0_load_480_reg_19899  |    8|   0|    8|          0|
    |lbuf_0_load_481_reg_19914  |    8|   0|    8|          0|
    |lbuf_0_load_482_reg_19919  |    8|   0|    8|          0|
    |lbuf_0_load_483_reg_19934  |    8|   0|    8|          0|
    |lbuf_0_load_484_reg_19939  |    8|   0|    8|          0|
    |lbuf_0_load_485_reg_19954  |    8|   0|    8|          0|
    |lbuf_0_load_486_reg_19959  |    8|   0|    8|          0|
    |lbuf_0_load_487_reg_19974  |    8|   0|    8|          0|
    |lbuf_0_load_488_reg_19979  |    8|   0|    8|          0|
    |lbuf_0_load_489_reg_19994  |    8|   0|    8|          0|
    |lbuf_0_load_48_reg_15579   |    8|   0|    8|          0|
    |lbuf_0_load_490_reg_19999  |    8|   0|    8|          0|
    |lbuf_0_load_491_reg_20014  |    8|   0|    8|          0|
    |lbuf_0_load_492_reg_20019  |    8|   0|    8|          0|
    |lbuf_0_load_493_reg_20034  |    8|   0|    8|          0|
    |lbuf_0_load_494_reg_20039  |    8|   0|    8|          0|
    |lbuf_0_load_495_reg_20054  |    8|   0|    8|          0|
    |lbuf_0_load_496_reg_20059  |    8|   0|    8|          0|
    |lbuf_0_load_497_reg_20074  |    8|   0|    8|          0|
    |lbuf_0_load_498_reg_20079  |    8|   0|    8|          0|
    |lbuf_0_load_499_reg_20094  |    8|   0|    8|          0|
    |lbuf_0_load_49_reg_15594   |    8|   0|    8|          0|
    |lbuf_0_load_4_reg_15139    |    8|   0|    8|          0|
    |lbuf_0_load_500_reg_20099  |    8|   0|    8|          0|
    |lbuf_0_load_501_reg_20114  |    8|   0|    8|          0|
    |lbuf_0_load_502_reg_20119  |    8|   0|    8|          0|
    |lbuf_0_load_503_reg_20134  |    8|   0|    8|          0|
    |lbuf_0_load_504_reg_20139  |    8|   0|    8|          0|
    |lbuf_0_load_506_reg_20154  |    8|   0|    8|          0|
    |lbuf_0_load_50_reg_15599   |    8|   0|    8|          0|
    |lbuf_0_load_51_reg_15614   |    8|   0|    8|          0|
    |lbuf_0_load_52_reg_15619   |    8|   0|    8|          0|
    |lbuf_0_load_53_reg_15634   |    8|   0|    8|          0|
    |lbuf_0_load_54_reg_15639   |    8|   0|    8|          0|
    |lbuf_0_load_55_reg_15654   |    8|   0|    8|          0|
    |lbuf_0_load_56_reg_15659   |    8|   0|    8|          0|
    |lbuf_0_load_57_reg_15674   |    8|   0|    8|          0|
    |lbuf_0_load_58_reg_15679   |    8|   0|    8|          0|
    |lbuf_0_load_59_reg_15694   |    8|   0|    8|          0|
    |lbuf_0_load_5_reg_15154    |    8|   0|    8|          0|
    |lbuf_0_load_60_reg_15699   |    8|   0|    8|          0|
    |lbuf_0_load_61_reg_15714   |    8|   0|    8|          0|
    |lbuf_0_load_62_reg_15719   |    8|   0|    8|          0|
    |lbuf_0_load_63_reg_15734   |    8|   0|    8|          0|
    |lbuf_0_load_64_reg_15739   |    8|   0|    8|          0|
    |lbuf_0_load_65_reg_15754   |    8|   0|    8|          0|
    |lbuf_0_load_66_reg_15759   |    8|   0|    8|          0|
    |lbuf_0_load_67_reg_15774   |    8|   0|    8|          0|
    |lbuf_0_load_68_reg_15779   |    8|   0|    8|          0|
    |lbuf_0_load_69_reg_15794   |    8|   0|    8|          0|
    |lbuf_0_load_6_reg_15159    |    8|   0|    8|          0|
    |lbuf_0_load_70_reg_15799   |    8|   0|    8|          0|
    |lbuf_0_load_71_reg_15814   |    8|   0|    8|          0|
    |lbuf_0_load_72_reg_15819   |    8|   0|    8|          0|
    |lbuf_0_load_73_reg_15834   |    8|   0|    8|          0|
    |lbuf_0_load_74_reg_15839   |    8|   0|    8|          0|
    |lbuf_0_load_75_reg_15854   |    8|   0|    8|          0|
    |lbuf_0_load_76_reg_15859   |    8|   0|    8|          0|
    |lbuf_0_load_77_reg_15874   |    8|   0|    8|          0|
    |lbuf_0_load_78_reg_15879   |    8|   0|    8|          0|
    |lbuf_0_load_79_reg_15894   |    8|   0|    8|          0|
    |lbuf_0_load_7_reg_15174    |    8|   0|    8|          0|
    |lbuf_0_load_80_reg_15899   |    8|   0|    8|          0|
    |lbuf_0_load_81_reg_15914   |    8|   0|    8|          0|
    |lbuf_0_load_82_reg_15919   |    8|   0|    8|          0|
    |lbuf_0_load_83_reg_15934   |    8|   0|    8|          0|
    |lbuf_0_load_84_reg_15939   |    8|   0|    8|          0|
    |lbuf_0_load_85_reg_15954   |    8|   0|    8|          0|
    |lbuf_0_load_86_reg_15959   |    8|   0|    8|          0|
    |lbuf_0_load_87_reg_15974   |    8|   0|    8|          0|
    |lbuf_0_load_88_reg_15979   |    8|   0|    8|          0|
    |lbuf_0_load_89_reg_15994   |    8|   0|    8|          0|
    |lbuf_0_load_8_reg_15179    |    8|   0|    8|          0|
    |lbuf_0_load_90_reg_15999   |    8|   0|    8|          0|
    |lbuf_0_load_91_reg_16014   |    8|   0|    8|          0|
    |lbuf_0_load_92_reg_16019   |    8|   0|    8|          0|
    |lbuf_0_load_93_reg_16034   |    8|   0|    8|          0|
    |lbuf_0_load_94_reg_16039   |    8|   0|    8|          0|
    |lbuf_0_load_95_reg_16054   |    8|   0|    8|          0|
    |lbuf_0_load_96_reg_16059   |    8|   0|    8|          0|
    |lbuf_0_load_97_reg_16074   |    8|   0|    8|          0|
    |lbuf_0_load_98_reg_16079   |    8|   0|    8|          0|
    |lbuf_0_load_99_reg_16094   |    8|   0|    8|          0|
    |lbuf_0_load_9_reg_15194    |    8|   0|    8|          0|
    |lbuf_1_load_100_reg_16109  |    8|   0|    8|          0|
    |lbuf_1_load_101_reg_16124  |    8|   0|    8|          0|
    |lbuf_1_load_102_reg_16129  |    8|   0|    8|          0|
    |lbuf_1_load_103_reg_16144  |    8|   0|    8|          0|
    |lbuf_1_load_104_reg_16149  |    8|   0|    8|          0|
    |lbuf_1_load_105_reg_16164  |    8|   0|    8|          0|
    |lbuf_1_load_106_reg_16169  |    8|   0|    8|          0|
    |lbuf_1_load_107_reg_16184  |    8|   0|    8|          0|
    |lbuf_1_load_108_reg_16189  |    8|   0|    8|          0|
    |lbuf_1_load_109_reg_16204  |    8|   0|    8|          0|
    |lbuf_1_load_10_reg_15209   |    8|   0|    8|          0|
    |lbuf_1_load_110_reg_16209  |    8|   0|    8|          0|
    |lbuf_1_load_111_reg_16224  |    8|   0|    8|          0|
    |lbuf_1_load_112_reg_16229  |    8|   0|    8|          0|
    |lbuf_1_load_113_reg_16244  |    8|   0|    8|          0|
    |lbuf_1_load_114_reg_16249  |    8|   0|    8|          0|
    |lbuf_1_load_115_reg_16264  |    8|   0|    8|          0|
    |lbuf_1_load_116_reg_16269  |    8|   0|    8|          0|
    |lbuf_1_load_117_reg_16284  |    8|   0|    8|          0|
    |lbuf_1_load_118_reg_16289  |    8|   0|    8|          0|
    |lbuf_1_load_119_reg_16304  |    8|   0|    8|          0|
    |lbuf_1_load_11_reg_15224   |    8|   0|    8|          0|
    |lbuf_1_load_120_reg_16309  |    8|   0|    8|          0|
    |lbuf_1_load_121_reg_16324  |    8|   0|    8|          0|
    |lbuf_1_load_122_reg_16329  |    8|   0|    8|          0|
    |lbuf_1_load_123_reg_16344  |    8|   0|    8|          0|
    |lbuf_1_load_124_reg_16349  |    8|   0|    8|          0|
    |lbuf_1_load_125_reg_16364  |    8|   0|    8|          0|
    |lbuf_1_load_126_reg_16369  |    8|   0|    8|          0|
    |lbuf_1_load_127_reg_16384  |    8|   0|    8|          0|
    |lbuf_1_load_128_reg_16389  |    8|   0|    8|          0|
    |lbuf_1_load_129_reg_16404  |    8|   0|    8|          0|
    |lbuf_1_load_12_reg_15229   |    8|   0|    8|          0|
    |lbuf_1_load_130_reg_16409  |    8|   0|    8|          0|
    |lbuf_1_load_131_reg_16424  |    8|   0|    8|          0|
    |lbuf_1_load_132_reg_16429  |    8|   0|    8|          0|
    |lbuf_1_load_133_reg_16444  |    8|   0|    8|          0|
    |lbuf_1_load_134_reg_16449  |    8|   0|    8|          0|
    |lbuf_1_load_135_reg_16464  |    8|   0|    8|          0|
    |lbuf_1_load_136_reg_16469  |    8|   0|    8|          0|
    |lbuf_1_load_137_reg_16484  |    8|   0|    8|          0|
    |lbuf_1_load_138_reg_16489  |    8|   0|    8|          0|
    |lbuf_1_load_139_reg_16504  |    8|   0|    8|          0|
    |lbuf_1_load_13_reg_15244   |    8|   0|    8|          0|
    |lbuf_1_load_140_reg_16509  |    8|   0|    8|          0|
    |lbuf_1_load_141_reg_16524  |    8|   0|    8|          0|
    |lbuf_1_load_142_reg_16529  |    8|   0|    8|          0|
    |lbuf_1_load_143_reg_16544  |    8|   0|    8|          0|
    |lbuf_1_load_144_reg_16549  |    8|   0|    8|          0|
    |lbuf_1_load_145_reg_16564  |    8|   0|    8|          0|
    |lbuf_1_load_146_reg_16569  |    8|   0|    8|          0|
    |lbuf_1_load_147_reg_16584  |    8|   0|    8|          0|
    |lbuf_1_load_148_reg_16589  |    8|   0|    8|          0|
    |lbuf_1_load_149_reg_16604  |    8|   0|    8|          0|
    |lbuf_1_load_14_reg_15249   |    8|   0|    8|          0|
    |lbuf_1_load_150_reg_16609  |    8|   0|    8|          0|
    |lbuf_1_load_151_reg_16624  |    8|   0|    8|          0|
    |lbuf_1_load_152_reg_16629  |    8|   0|    8|          0|
    |lbuf_1_load_153_reg_16644  |    8|   0|    8|          0|
    |lbuf_1_load_154_reg_16649  |    8|   0|    8|          0|
    |lbuf_1_load_155_reg_16664  |    8|   0|    8|          0|
    |lbuf_1_load_156_reg_16669  |    8|   0|    8|          0|
    |lbuf_1_load_157_reg_16684  |    8|   0|    8|          0|
    |lbuf_1_load_158_reg_16689  |    8|   0|    8|          0|
    |lbuf_1_load_159_reg_16704  |    8|   0|    8|          0|
    |lbuf_1_load_15_reg_15264   |    8|   0|    8|          0|
    |lbuf_1_load_160_reg_16709  |    8|   0|    8|          0|
    |lbuf_1_load_161_reg_16724  |    8|   0|    8|          0|
    |lbuf_1_load_162_reg_16729  |    8|   0|    8|          0|
    |lbuf_1_load_163_reg_16744  |    8|   0|    8|          0|
    |lbuf_1_load_164_reg_16749  |    8|   0|    8|          0|
    |lbuf_1_load_165_reg_16764  |    8|   0|    8|          0|
    |lbuf_1_load_166_reg_16769  |    8|   0|    8|          0|
    |lbuf_1_load_167_reg_16784  |    8|   0|    8|          0|
    |lbuf_1_load_168_reg_16789  |    8|   0|    8|          0|
    |lbuf_1_load_169_reg_16804  |    8|   0|    8|          0|
    |lbuf_1_load_16_reg_15269   |    8|   0|    8|          0|
    |lbuf_1_load_170_reg_16809  |    8|   0|    8|          0|
    |lbuf_1_load_171_reg_16824  |    8|   0|    8|          0|
    |lbuf_1_load_172_reg_16829  |    8|   0|    8|          0|
    |lbuf_1_load_173_reg_16844  |    8|   0|    8|          0|
    |lbuf_1_load_174_reg_16849  |    8|   0|    8|          0|
    |lbuf_1_load_175_reg_16864  |    8|   0|    8|          0|
    |lbuf_1_load_176_reg_16869  |    8|   0|    8|          0|
    |lbuf_1_load_177_reg_16884  |    8|   0|    8|          0|
    |lbuf_1_load_178_reg_16889  |    8|   0|    8|          0|
    |lbuf_1_load_179_reg_16904  |    8|   0|    8|          0|
    |lbuf_1_load_17_reg_15284   |    8|   0|    8|          0|
    |lbuf_1_load_180_reg_16909  |    8|   0|    8|          0|
    |lbuf_1_load_181_reg_16924  |    8|   0|    8|          0|
    |lbuf_1_load_182_reg_16929  |    8|   0|    8|          0|
    |lbuf_1_load_183_reg_16944  |    8|   0|    8|          0|
    |lbuf_1_load_184_reg_16949  |    8|   0|    8|          0|
    |lbuf_1_load_185_reg_16964  |    8|   0|    8|          0|
    |lbuf_1_load_186_reg_16969  |    8|   0|    8|          0|
    |lbuf_1_load_187_reg_16984  |    8|   0|    8|          0|
    |lbuf_1_load_188_reg_16989  |    8|   0|    8|          0|
    |lbuf_1_load_189_reg_17004  |    8|   0|    8|          0|
    |lbuf_1_load_18_reg_15289   |    8|   0|    8|          0|
    |lbuf_1_load_190_reg_17009  |    8|   0|    8|          0|
    |lbuf_1_load_191_reg_17024  |    8|   0|    8|          0|
    |lbuf_1_load_192_reg_17029  |    8|   0|    8|          0|
    |lbuf_1_load_193_reg_17044  |    8|   0|    8|          0|
    |lbuf_1_load_194_reg_17049  |    8|   0|    8|          0|
    |lbuf_1_load_195_reg_17064  |    8|   0|    8|          0|
    |lbuf_1_load_196_reg_17069  |    8|   0|    8|          0|
    |lbuf_1_load_197_reg_17084  |    8|   0|    8|          0|
    |lbuf_1_load_198_reg_17089  |    8|   0|    8|          0|
    |lbuf_1_load_199_reg_17104  |    8|   0|    8|          0|
    |lbuf_1_load_19_reg_15304   |    8|   0|    8|          0|
    |lbuf_1_load_200_reg_17109  |    8|   0|    8|          0|
    |lbuf_1_load_201_reg_17124  |    8|   0|    8|          0|
    |lbuf_1_load_202_reg_17129  |    8|   0|    8|          0|
    |lbuf_1_load_203_reg_17144  |    8|   0|    8|          0|
    |lbuf_1_load_204_reg_17149  |    8|   0|    8|          0|
    |lbuf_1_load_205_reg_17164  |    8|   0|    8|          0|
    |lbuf_1_load_206_reg_17169  |    8|   0|    8|          0|
    |lbuf_1_load_207_reg_17184  |    8|   0|    8|          0|
    |lbuf_1_load_208_reg_17189  |    8|   0|    8|          0|
    |lbuf_1_load_209_reg_17204  |    8|   0|    8|          0|
    |lbuf_1_load_20_reg_15309   |    8|   0|    8|          0|
    |lbuf_1_load_210_reg_17209  |    8|   0|    8|          0|
    |lbuf_1_load_211_reg_17224  |    8|   0|    8|          0|
    |lbuf_1_load_212_reg_17229  |    8|   0|    8|          0|
    |lbuf_1_load_213_reg_17244  |    8|   0|    8|          0|
    |lbuf_1_load_214_reg_17249  |    8|   0|    8|          0|
    |lbuf_1_load_215_reg_17264  |    8|   0|    8|          0|
    |lbuf_1_load_216_reg_17269  |    8|   0|    8|          0|
    |lbuf_1_load_217_reg_17284  |    8|   0|    8|          0|
    |lbuf_1_load_218_reg_17289  |    8|   0|    8|          0|
    |lbuf_1_load_219_reg_17304  |    8|   0|    8|          0|
    |lbuf_1_load_21_reg_15324   |    8|   0|    8|          0|
    |lbuf_1_load_220_reg_17309  |    8|   0|    8|          0|
    |lbuf_1_load_221_reg_17324  |    8|   0|    8|          0|
    |lbuf_1_load_222_reg_17329  |    8|   0|    8|          0|
    |lbuf_1_load_223_reg_17344  |    8|   0|    8|          0|
    |lbuf_1_load_224_reg_17349  |    8|   0|    8|          0|
    |lbuf_1_load_225_reg_17364  |    8|   0|    8|          0|
    |lbuf_1_load_226_reg_17369  |    8|   0|    8|          0|
    |lbuf_1_load_227_reg_17384  |    8|   0|    8|          0|
    |lbuf_1_load_228_reg_17389  |    8|   0|    8|          0|
    |lbuf_1_load_229_reg_17404  |    8|   0|    8|          0|
    |lbuf_1_load_22_reg_15329   |    8|   0|    8|          0|
    |lbuf_1_load_230_reg_17409  |    8|   0|    8|          0|
    |lbuf_1_load_231_reg_17424  |    8|   0|    8|          0|
    |lbuf_1_load_232_reg_17429  |    8|   0|    8|          0|
    |lbuf_1_load_233_reg_17444  |    8|   0|    8|          0|
    |lbuf_1_load_234_reg_17449  |    8|   0|    8|          0|
    |lbuf_1_load_235_reg_17464  |    8|   0|    8|          0|
    |lbuf_1_load_236_reg_17469  |    8|   0|    8|          0|
    |lbuf_1_load_237_reg_17484  |    8|   0|    8|          0|
    |lbuf_1_load_238_reg_17489  |    8|   0|    8|          0|
    |lbuf_1_load_239_reg_17504  |    8|   0|    8|          0|
    |lbuf_1_load_23_reg_15344   |    8|   0|    8|          0|
    |lbuf_1_load_240_reg_17509  |    8|   0|    8|          0|
    |lbuf_1_load_241_reg_17524  |    8|   0|    8|          0|
    |lbuf_1_load_242_reg_17529  |    8|   0|    8|          0|
    |lbuf_1_load_243_reg_17544  |    8|   0|    8|          0|
    |lbuf_1_load_244_reg_17549  |    8|   0|    8|          0|
    |lbuf_1_load_245_reg_17564  |    8|   0|    8|          0|
    |lbuf_1_load_246_reg_17569  |    8|   0|    8|          0|
    |lbuf_1_load_247_reg_17584  |    8|   0|    8|          0|
    |lbuf_1_load_248_reg_17589  |    8|   0|    8|          0|
    |lbuf_1_load_249_reg_17604  |    8|   0|    8|          0|
    |lbuf_1_load_24_reg_15349   |    8|   0|    8|          0|
    |lbuf_1_load_250_reg_17609  |    8|   0|    8|          0|
    |lbuf_1_load_251_reg_17624  |    8|   0|    8|          0|
    |lbuf_1_load_252_reg_17629  |    8|   0|    8|          0|
    |lbuf_1_load_253_reg_17644  |    8|   0|    8|          0|
    |lbuf_1_load_254_reg_17649  |    8|   0|    8|          0|
    |lbuf_1_load_255_reg_17664  |    8|   0|    8|          0|
    |lbuf_1_load_256_reg_17669  |    8|   0|    8|          0|
    |lbuf_1_load_257_reg_17684  |    8|   0|    8|          0|
    |lbuf_1_load_258_reg_17689  |    8|   0|    8|          0|
    |lbuf_1_load_259_reg_17704  |    8|   0|    8|          0|
    |lbuf_1_load_25_reg_15364   |    8|   0|    8|          0|
    |lbuf_1_load_260_reg_17709  |    8|   0|    8|          0|
    |lbuf_1_load_261_reg_17724  |    8|   0|    8|          0|
    |lbuf_1_load_262_reg_17729  |    8|   0|    8|          0|
    |lbuf_1_load_263_reg_17744  |    8|   0|    8|          0|
    |lbuf_1_load_264_reg_17749  |    8|   0|    8|          0|
    |lbuf_1_load_265_reg_17764  |    8|   0|    8|          0|
    |lbuf_1_load_266_reg_17769  |    8|   0|    8|          0|
    |lbuf_1_load_267_reg_17784  |    8|   0|    8|          0|
    |lbuf_1_load_268_reg_17789  |    8|   0|    8|          0|
    |lbuf_1_load_269_reg_17804  |    8|   0|    8|          0|
    |lbuf_1_load_26_reg_15369   |    8|   0|    8|          0|
    |lbuf_1_load_270_reg_17809  |    8|   0|    8|          0|
    |lbuf_1_load_271_reg_17824  |    8|   0|    8|          0|
    |lbuf_1_load_272_reg_17829  |    8|   0|    8|          0|
    |lbuf_1_load_273_reg_17844  |    8|   0|    8|          0|
    |lbuf_1_load_274_reg_17849  |    8|   0|    8|          0|
    |lbuf_1_load_275_reg_17864  |    8|   0|    8|          0|
    |lbuf_1_load_276_reg_17869  |    8|   0|    8|          0|
    |lbuf_1_load_277_reg_17884  |    8|   0|    8|          0|
    |lbuf_1_load_278_reg_17889  |    8|   0|    8|          0|
    |lbuf_1_load_279_reg_17904  |    8|   0|    8|          0|
    |lbuf_1_load_27_reg_15384   |    8|   0|    8|          0|
    |lbuf_1_load_280_reg_17909  |    8|   0|    8|          0|
    |lbuf_1_load_281_reg_17924  |    8|   0|    8|          0|
    |lbuf_1_load_282_reg_17929  |    8|   0|    8|          0|
    |lbuf_1_load_283_reg_17944  |    8|   0|    8|          0|
    |lbuf_1_load_284_reg_17949  |    8|   0|    8|          0|
    |lbuf_1_load_285_reg_17964  |    8|   0|    8|          0|
    |lbuf_1_load_286_reg_17969  |    8|   0|    8|          0|
    |lbuf_1_load_287_reg_17984  |    8|   0|    8|          0|
    |lbuf_1_load_288_reg_17989  |    8|   0|    8|          0|
    |lbuf_1_load_289_reg_18004  |    8|   0|    8|          0|
    |lbuf_1_load_28_reg_15389   |    8|   0|    8|          0|
    |lbuf_1_load_290_reg_18009  |    8|   0|    8|          0|
    |lbuf_1_load_291_reg_18024  |    8|   0|    8|          0|
    |lbuf_1_load_292_reg_18029  |    8|   0|    8|          0|
    |lbuf_1_load_293_reg_18044  |    8|   0|    8|          0|
    |lbuf_1_load_294_reg_18049  |    8|   0|    8|          0|
    |lbuf_1_load_295_reg_18064  |    8|   0|    8|          0|
    |lbuf_1_load_296_reg_18069  |    8|   0|    8|          0|
    |lbuf_1_load_297_reg_18084  |    8|   0|    8|          0|
    |lbuf_1_load_298_reg_18089  |    8|   0|    8|          0|
    |lbuf_1_load_299_reg_18104  |    8|   0|    8|          0|
    |lbuf_1_load_29_reg_15404   |    8|   0|    8|          0|
    |lbuf_1_load_2_reg_15129    |    8|   0|    8|          0|
    |lbuf_1_load_300_reg_18109  |    8|   0|    8|          0|
    |lbuf_1_load_301_reg_18124  |    8|   0|    8|          0|
    |lbuf_1_load_302_reg_18129  |    8|   0|    8|          0|
    |lbuf_1_load_303_reg_18144  |    8|   0|    8|          0|
    |lbuf_1_load_304_reg_18149  |    8|   0|    8|          0|
    |lbuf_1_load_305_reg_18164  |    8|   0|    8|          0|
    |lbuf_1_load_306_reg_18169  |    8|   0|    8|          0|
    |lbuf_1_load_307_reg_18184  |    8|   0|    8|          0|
    |lbuf_1_load_308_reg_18189  |    8|   0|    8|          0|
    |lbuf_1_load_309_reg_18204  |    8|   0|    8|          0|
    |lbuf_1_load_30_reg_15409   |    8|   0|    8|          0|
    |lbuf_1_load_310_reg_18209  |    8|   0|    8|          0|
    |lbuf_1_load_311_reg_18224  |    8|   0|    8|          0|
    |lbuf_1_load_312_reg_18229  |    8|   0|    8|          0|
    |lbuf_1_load_313_reg_18244  |    8|   0|    8|          0|
    |lbuf_1_load_314_reg_18249  |    8|   0|    8|          0|
    |lbuf_1_load_315_reg_18264  |    8|   0|    8|          0|
    |lbuf_1_load_316_reg_18269  |    8|   0|    8|          0|
    |lbuf_1_load_317_reg_18284  |    8|   0|    8|          0|
    |lbuf_1_load_318_reg_18289  |    8|   0|    8|          0|
    |lbuf_1_load_319_reg_18304  |    8|   0|    8|          0|
    |lbuf_1_load_31_reg_15424   |    8|   0|    8|          0|
    |lbuf_1_load_320_reg_18309  |    8|   0|    8|          0|
    |lbuf_1_load_321_reg_18324  |    8|   0|    8|          0|
    |lbuf_1_load_322_reg_18329  |    8|   0|    8|          0|
    |lbuf_1_load_323_reg_18344  |    8|   0|    8|          0|
    |lbuf_1_load_324_reg_18349  |    8|   0|    8|          0|
    |lbuf_1_load_325_reg_18364  |    8|   0|    8|          0|
    |lbuf_1_load_326_reg_18369  |    8|   0|    8|          0|
    |lbuf_1_load_327_reg_18384  |    8|   0|    8|          0|
    |lbuf_1_load_328_reg_18389  |    8|   0|    8|          0|
    |lbuf_1_load_329_reg_18404  |    8|   0|    8|          0|
    |lbuf_1_load_32_reg_15429   |    8|   0|    8|          0|
    |lbuf_1_load_330_reg_18409  |    8|   0|    8|          0|
    |lbuf_1_load_331_reg_18424  |    8|   0|    8|          0|
    |lbuf_1_load_332_reg_18429  |    8|   0|    8|          0|
    |lbuf_1_load_333_reg_18444  |    8|   0|    8|          0|
    |lbuf_1_load_334_reg_18449  |    8|   0|    8|          0|
    |lbuf_1_load_335_reg_18464  |    8|   0|    8|          0|
    |lbuf_1_load_336_reg_18469  |    8|   0|    8|          0|
    |lbuf_1_load_337_reg_18484  |    8|   0|    8|          0|
    |lbuf_1_load_338_reg_18489  |    8|   0|    8|          0|
    |lbuf_1_load_339_reg_18504  |    8|   0|    8|          0|
    |lbuf_1_load_33_reg_15444   |    8|   0|    8|          0|
    |lbuf_1_load_340_reg_18509  |    8|   0|    8|          0|
    |lbuf_1_load_341_reg_18524  |    8|   0|    8|          0|
    |lbuf_1_load_342_reg_18529  |    8|   0|    8|          0|
    |lbuf_1_load_343_reg_18544  |    8|   0|    8|          0|
    |lbuf_1_load_344_reg_18549  |    8|   0|    8|          0|
    |lbuf_1_load_345_reg_18564  |    8|   0|    8|          0|
    |lbuf_1_load_346_reg_18569  |    8|   0|    8|          0|
    |lbuf_1_load_347_reg_18584  |    8|   0|    8|          0|
    |lbuf_1_load_348_reg_18589  |    8|   0|    8|          0|
    |lbuf_1_load_349_reg_18604  |    8|   0|    8|          0|
    |lbuf_1_load_34_reg_15449   |    8|   0|    8|          0|
    |lbuf_1_load_350_reg_18609  |    8|   0|    8|          0|
    |lbuf_1_load_351_reg_18624  |    8|   0|    8|          0|
    |lbuf_1_load_352_reg_18629  |    8|   0|    8|          0|
    |lbuf_1_load_353_reg_18644  |    8|   0|    8|          0|
    |lbuf_1_load_354_reg_18649  |    8|   0|    8|          0|
    |lbuf_1_load_355_reg_18664  |    8|   0|    8|          0|
    |lbuf_1_load_356_reg_18669  |    8|   0|    8|          0|
    |lbuf_1_load_357_reg_18684  |    8|   0|    8|          0|
    |lbuf_1_load_358_reg_18689  |    8|   0|    8|          0|
    |lbuf_1_load_359_reg_18704  |    8|   0|    8|          0|
    |lbuf_1_load_35_reg_15464   |    8|   0|    8|          0|
    |lbuf_1_load_360_reg_18709  |    8|   0|    8|          0|
    |lbuf_1_load_361_reg_18724  |    8|   0|    8|          0|
    |lbuf_1_load_362_reg_18729  |    8|   0|    8|          0|
    |lbuf_1_load_363_reg_18744  |    8|   0|    8|          0|
    |lbuf_1_load_364_reg_18749  |    8|   0|    8|          0|
    |lbuf_1_load_365_reg_18764  |    8|   0|    8|          0|
    |lbuf_1_load_366_reg_18769  |    8|   0|    8|          0|
    |lbuf_1_load_367_reg_18784  |    8|   0|    8|          0|
    |lbuf_1_load_368_reg_18789  |    8|   0|    8|          0|
    |lbuf_1_load_369_reg_18804  |    8|   0|    8|          0|
    |lbuf_1_load_36_reg_15469   |    8|   0|    8|          0|
    |lbuf_1_load_370_reg_18809  |    8|   0|    8|          0|
    |lbuf_1_load_371_reg_18824  |    8|   0|    8|          0|
    |lbuf_1_load_372_reg_18829  |    8|   0|    8|          0|
    |lbuf_1_load_373_reg_18844  |    8|   0|    8|          0|
    |lbuf_1_load_374_reg_18849  |    8|   0|    8|          0|
    |lbuf_1_load_375_reg_18864  |    8|   0|    8|          0|
    |lbuf_1_load_376_reg_18869  |    8|   0|    8|          0|
    |lbuf_1_load_377_reg_18884  |    8|   0|    8|          0|
    |lbuf_1_load_378_reg_18889  |    8|   0|    8|          0|
    |lbuf_1_load_379_reg_18904  |    8|   0|    8|          0|
    |lbuf_1_load_37_reg_15484   |    8|   0|    8|          0|
    |lbuf_1_load_380_reg_18909  |    8|   0|    8|          0|
    |lbuf_1_load_381_reg_18924  |    8|   0|    8|          0|
    |lbuf_1_load_382_reg_18929  |    8|   0|    8|          0|
    |lbuf_1_load_383_reg_18944  |    8|   0|    8|          0|
    |lbuf_1_load_384_reg_18949  |    8|   0|    8|          0|
    |lbuf_1_load_385_reg_18964  |    8|   0|    8|          0|
    |lbuf_1_load_386_reg_18969  |    8|   0|    8|          0|
    |lbuf_1_load_387_reg_18984  |    8|   0|    8|          0|
    |lbuf_1_load_388_reg_18989  |    8|   0|    8|          0|
    |lbuf_1_load_389_reg_19004  |    8|   0|    8|          0|
    |lbuf_1_load_38_reg_15489   |    8|   0|    8|          0|
    |lbuf_1_load_390_reg_19009  |    8|   0|    8|          0|
    |lbuf_1_load_391_reg_19024  |    8|   0|    8|          0|
    |lbuf_1_load_392_reg_19029  |    8|   0|    8|          0|
    |lbuf_1_load_393_reg_19044  |    8|   0|    8|          0|
    |lbuf_1_load_394_reg_19049  |    8|   0|    8|          0|
    |lbuf_1_load_395_reg_19064  |    8|   0|    8|          0|
    |lbuf_1_load_396_reg_19069  |    8|   0|    8|          0|
    |lbuf_1_load_397_reg_19084  |    8|   0|    8|          0|
    |lbuf_1_load_398_reg_19089  |    8|   0|    8|          0|
    |lbuf_1_load_399_reg_19104  |    8|   0|    8|          0|
    |lbuf_1_load_39_reg_15504   |    8|   0|    8|          0|
    |lbuf_1_load_3_reg_15144    |    8|   0|    8|          0|
    |lbuf_1_load_400_reg_19109  |    8|   0|    8|          0|
    |lbuf_1_load_401_reg_19124  |    8|   0|    8|          0|
    |lbuf_1_load_402_reg_19129  |    8|   0|    8|          0|
    |lbuf_1_load_403_reg_19144  |    8|   0|    8|          0|
    |lbuf_1_load_404_reg_19149  |    8|   0|    8|          0|
    |lbuf_1_load_405_reg_19164  |    8|   0|    8|          0|
    |lbuf_1_load_406_reg_19169  |    8|   0|    8|          0|
    |lbuf_1_load_407_reg_19184  |    8|   0|    8|          0|
    |lbuf_1_load_408_reg_19189  |    8|   0|    8|          0|
    |lbuf_1_load_409_reg_19204  |    8|   0|    8|          0|
    |lbuf_1_load_40_reg_15509   |    8|   0|    8|          0|
    |lbuf_1_load_410_reg_19209  |    8|   0|    8|          0|
    |lbuf_1_load_411_reg_19224  |    8|   0|    8|          0|
    |lbuf_1_load_412_reg_19229  |    8|   0|    8|          0|
    |lbuf_1_load_413_reg_19244  |    8|   0|    8|          0|
    |lbuf_1_load_414_reg_19249  |    8|   0|    8|          0|
    |lbuf_1_load_415_reg_19264  |    8|   0|    8|          0|
    |lbuf_1_load_416_reg_19269  |    8|   0|    8|          0|
    |lbuf_1_load_417_reg_19284  |    8|   0|    8|          0|
    |lbuf_1_load_418_reg_19289  |    8|   0|    8|          0|
    |lbuf_1_load_419_reg_19304  |    8|   0|    8|          0|
    |lbuf_1_load_41_reg_15524   |    8|   0|    8|          0|
    |lbuf_1_load_420_reg_19309  |    8|   0|    8|          0|
    |lbuf_1_load_421_reg_19324  |    8|   0|    8|          0|
    |lbuf_1_load_422_reg_19329  |    8|   0|    8|          0|
    |lbuf_1_load_423_reg_19344  |    8|   0|    8|          0|
    |lbuf_1_load_424_reg_19349  |    8|   0|    8|          0|
    |lbuf_1_load_425_reg_19364  |    8|   0|    8|          0|
    |lbuf_1_load_426_reg_19369  |    8|   0|    8|          0|
    |lbuf_1_load_427_reg_19384  |    8|   0|    8|          0|
    |lbuf_1_load_428_reg_19389  |    8|   0|    8|          0|
    |lbuf_1_load_429_reg_19404  |    8|   0|    8|          0|
    |lbuf_1_load_42_reg_15529   |    8|   0|    8|          0|
    |lbuf_1_load_430_reg_19409  |    8|   0|    8|          0|
    |lbuf_1_load_431_reg_19424  |    8|   0|    8|          0|
    |lbuf_1_load_432_reg_19429  |    8|   0|    8|          0|
    |lbuf_1_load_433_reg_19444  |    8|   0|    8|          0|
    |lbuf_1_load_434_reg_19449  |    8|   0|    8|          0|
    |lbuf_1_load_435_reg_19464  |    8|   0|    8|          0|
    |lbuf_1_load_436_reg_19469  |    8|   0|    8|          0|
    |lbuf_1_load_437_reg_19484  |    8|   0|    8|          0|
    |lbuf_1_load_438_reg_19489  |    8|   0|    8|          0|
    |lbuf_1_load_439_reg_19504  |    8|   0|    8|          0|
    |lbuf_1_load_43_reg_15544   |    8|   0|    8|          0|
    |lbuf_1_load_440_reg_19509  |    8|   0|    8|          0|
    |lbuf_1_load_441_reg_19524  |    8|   0|    8|          0|
    |lbuf_1_load_442_reg_19529  |    8|   0|    8|          0|
    |lbuf_1_load_443_reg_19544  |    8|   0|    8|          0|
    |lbuf_1_load_444_reg_19549  |    8|   0|    8|          0|
    |lbuf_1_load_445_reg_19564  |    8|   0|    8|          0|
    |lbuf_1_load_446_reg_19569  |    8|   0|    8|          0|
    |lbuf_1_load_447_reg_19584  |    8|   0|    8|          0|
    |lbuf_1_load_448_reg_19589  |    8|   0|    8|          0|
    |lbuf_1_load_449_reg_19604  |    8|   0|    8|          0|
    |lbuf_1_load_44_reg_15549   |    8|   0|    8|          0|
    |lbuf_1_load_450_reg_19609  |    8|   0|    8|          0|
    |lbuf_1_load_451_reg_19624  |    8|   0|    8|          0|
    |lbuf_1_load_452_reg_19629  |    8|   0|    8|          0|
    |lbuf_1_load_453_reg_19644  |    8|   0|    8|          0|
    |lbuf_1_load_454_reg_19649  |    8|   0|    8|          0|
    |lbuf_1_load_455_reg_19664  |    8|   0|    8|          0|
    |lbuf_1_load_456_reg_19669  |    8|   0|    8|          0|
    |lbuf_1_load_457_reg_19684  |    8|   0|    8|          0|
    |lbuf_1_load_458_reg_19689  |    8|   0|    8|          0|
    |lbuf_1_load_459_reg_19704  |    8|   0|    8|          0|
    |lbuf_1_load_45_reg_15564   |    8|   0|    8|          0|
    |lbuf_1_load_460_reg_19709  |    8|   0|    8|          0|
    |lbuf_1_load_461_reg_19724  |    8|   0|    8|          0|
    |lbuf_1_load_462_reg_19729  |    8|   0|    8|          0|
    |lbuf_1_load_463_reg_19744  |    8|   0|    8|          0|
    |lbuf_1_load_464_reg_19749  |    8|   0|    8|          0|
    |lbuf_1_load_465_reg_19764  |    8|   0|    8|          0|
    |lbuf_1_load_466_reg_19769  |    8|   0|    8|          0|
    |lbuf_1_load_467_reg_19784  |    8|   0|    8|          0|
    |lbuf_1_load_468_reg_19789  |    8|   0|    8|          0|
    |lbuf_1_load_469_reg_19804  |    8|   0|    8|          0|
    |lbuf_1_load_46_reg_15569   |    8|   0|    8|          0|
    |lbuf_1_load_470_reg_19809  |    8|   0|    8|          0|
    |lbuf_1_load_471_reg_19824  |    8|   0|    8|          0|
    |lbuf_1_load_472_reg_19829  |    8|   0|    8|          0|
    |lbuf_1_load_473_reg_19844  |    8|   0|    8|          0|
    |lbuf_1_load_474_reg_19849  |    8|   0|    8|          0|
    |lbuf_1_load_475_reg_19864  |    8|   0|    8|          0|
    |lbuf_1_load_476_reg_19869  |    8|   0|    8|          0|
    |lbuf_1_load_477_reg_19884  |    8|   0|    8|          0|
    |lbuf_1_load_478_reg_19889  |    8|   0|    8|          0|
    |lbuf_1_load_479_reg_19904  |    8|   0|    8|          0|
    |lbuf_1_load_47_reg_15584   |    8|   0|    8|          0|
    |lbuf_1_load_480_reg_19909  |    8|   0|    8|          0|
    |lbuf_1_load_481_reg_19924  |    8|   0|    8|          0|
    |lbuf_1_load_482_reg_19929  |    8|   0|    8|          0|
    |lbuf_1_load_483_reg_19944  |    8|   0|    8|          0|
    |lbuf_1_load_484_reg_19949  |    8|   0|    8|          0|
    |lbuf_1_load_485_reg_19964  |    8|   0|    8|          0|
    |lbuf_1_load_486_reg_19969  |    8|   0|    8|          0|
    |lbuf_1_load_487_reg_19984  |    8|   0|    8|          0|
    |lbuf_1_load_488_reg_19989  |    8|   0|    8|          0|
    |lbuf_1_load_489_reg_20004  |    8|   0|    8|          0|
    |lbuf_1_load_48_reg_15589   |    8|   0|    8|          0|
    |lbuf_1_load_490_reg_20009  |    8|   0|    8|          0|
    |lbuf_1_load_491_reg_20024  |    8|   0|    8|          0|
    |lbuf_1_load_492_reg_20029  |    8|   0|    8|          0|
    |lbuf_1_load_493_reg_20044  |    8|   0|    8|          0|
    |lbuf_1_load_494_reg_20049  |    8|   0|    8|          0|
    |lbuf_1_load_495_reg_20064  |    8|   0|    8|          0|
    |lbuf_1_load_496_reg_20069  |    8|   0|    8|          0|
    |lbuf_1_load_497_reg_20084  |    8|   0|    8|          0|
    |lbuf_1_load_498_reg_20089  |    8|   0|    8|          0|
    |lbuf_1_load_499_reg_20104  |    8|   0|    8|          0|
    |lbuf_1_load_49_reg_15604   |    8|   0|    8|          0|
    |lbuf_1_load_4_reg_15149    |    8|   0|    8|          0|
    |lbuf_1_load_500_reg_20109  |    8|   0|    8|          0|
    |lbuf_1_load_501_reg_20124  |    8|   0|    8|          0|
    |lbuf_1_load_502_reg_20129  |    8|   0|    8|          0|
    |lbuf_1_load_503_reg_20144  |    8|   0|    8|          0|
    |lbuf_1_load_504_reg_20149  |    8|   0|    8|          0|
    |lbuf_1_load_506_reg_20159  |    8|   0|    8|          0|
    |lbuf_1_load_50_reg_15609   |    8|   0|    8|          0|
    |lbuf_1_load_51_reg_15624   |    8|   0|    8|          0|
    |lbuf_1_load_52_reg_15629   |    8|   0|    8|          0|
    |lbuf_1_load_53_reg_15644   |    8|   0|    8|          0|
    |lbuf_1_load_54_reg_15649   |    8|   0|    8|          0|
    |lbuf_1_load_55_reg_15664   |    8|   0|    8|          0|
    |lbuf_1_load_56_reg_15669   |    8|   0|    8|          0|
    |lbuf_1_load_57_reg_15684   |    8|   0|    8|          0|
    |lbuf_1_load_58_reg_15689   |    8|   0|    8|          0|
    |lbuf_1_load_59_reg_15704   |    8|   0|    8|          0|
    |lbuf_1_load_5_reg_15164    |    8|   0|    8|          0|
    |lbuf_1_load_60_reg_15709   |    8|   0|    8|          0|
    |lbuf_1_load_61_reg_15724   |    8|   0|    8|          0|
    |lbuf_1_load_62_reg_15729   |    8|   0|    8|          0|
    |lbuf_1_load_63_reg_15744   |    8|   0|    8|          0|
    |lbuf_1_load_64_reg_15749   |    8|   0|    8|          0|
    |lbuf_1_load_65_reg_15764   |    8|   0|    8|          0|
    |lbuf_1_load_66_reg_15769   |    8|   0|    8|          0|
    |lbuf_1_load_67_reg_15784   |    8|   0|    8|          0|
    |lbuf_1_load_68_reg_15789   |    8|   0|    8|          0|
    |lbuf_1_load_69_reg_15804   |    8|   0|    8|          0|
    |lbuf_1_load_6_reg_15169    |    8|   0|    8|          0|
    |lbuf_1_load_70_reg_15809   |    8|   0|    8|          0|
    |lbuf_1_load_71_reg_15824   |    8|   0|    8|          0|
    |lbuf_1_load_72_reg_15829   |    8|   0|    8|          0|
    |lbuf_1_load_73_reg_15844   |    8|   0|    8|          0|
    |lbuf_1_load_74_reg_15849   |    8|   0|    8|          0|
    |lbuf_1_load_75_reg_15864   |    8|   0|    8|          0|
    |lbuf_1_load_76_reg_15869   |    8|   0|    8|          0|
    |lbuf_1_load_77_reg_15884   |    8|   0|    8|          0|
    |lbuf_1_load_78_reg_15889   |    8|   0|    8|          0|
    |lbuf_1_load_79_reg_15904   |    8|   0|    8|          0|
    |lbuf_1_load_7_reg_15184    |    8|   0|    8|          0|
    |lbuf_1_load_80_reg_15909   |    8|   0|    8|          0|
    |lbuf_1_load_81_reg_15924   |    8|   0|    8|          0|
    |lbuf_1_load_82_reg_15929   |    8|   0|    8|          0|
    |lbuf_1_load_83_reg_15944   |    8|   0|    8|          0|
    |lbuf_1_load_84_reg_15949   |    8|   0|    8|          0|
    |lbuf_1_load_85_reg_15964   |    8|   0|    8|          0|
    |lbuf_1_load_86_reg_15969   |    8|   0|    8|          0|
    |lbuf_1_load_87_reg_15984   |    8|   0|    8|          0|
    |lbuf_1_load_88_reg_15989   |    8|   0|    8|          0|
    |lbuf_1_load_89_reg_16004   |    8|   0|    8|          0|
    |lbuf_1_load_8_reg_15189    |    8|   0|    8|          0|
    |lbuf_1_load_90_reg_16009   |    8|   0|    8|          0|
    |lbuf_1_load_91_reg_16024   |    8|   0|    8|          0|
    |lbuf_1_load_92_reg_16029   |    8|   0|    8|          0|
    |lbuf_1_load_93_reg_16044   |    8|   0|    8|          0|
    |lbuf_1_load_94_reg_16049   |    8|   0|    8|          0|
    |lbuf_1_load_95_reg_16064   |    8|   0|    8|          0|
    |lbuf_1_load_96_reg_16069   |    8|   0|    8|          0|
    |lbuf_1_load_97_reg_16084   |    8|   0|    8|          0|
    |lbuf_1_load_98_reg_16089   |    8|   0|    8|          0|
    |lbuf_1_load_99_reg_16104   |    8|   0|    8|          0|
    |lbuf_1_load_9_reg_15204    |    8|   0|    8|          0|
    |r1_reg_8409                |    2|   0|    2|          0|
    |r_1_reg_8954               |    2|   0|    2|          0|
    |r_2_reg_8970               |    2|   0|    2|          0|
    |r_reg_8386                 |    2|   0|    2|          0|
    |reg_8522                   |    8|   0|    8|          0|
    |reg_8527                   |    8|   0|    8|          0|
    |reg_8532                   |    8|   0|    8|          0|
    |reg_8538                   |    8|   0|    8|          0|
    |result_3_1_1_reg_20167     |   12|   0|   12|          0|
    |result_reg_20172           |   12|   0|   12|          0|
    |sin_V_data_V_0_payload_A   |    8|   0|    8|          0|
    |sin_V_data_V_0_payload_B   |    8|   0|    8|          0|
    |sin_V_data_V_0_sel_rd      |    1|   0|    1|          0|
    |sin_V_data_V_0_sel_wr      |    1|   0|    1|          0|
    |sin_V_data_V_0_state       |    2|   0|    2|          0|
    |sin_V_dest_V_0_state       |    2|   0|    2|          0|
    |sout_V_data_V_1_payload_A  |    8|   0|    8|          0|
    |sout_V_data_V_1_payload_B  |    8|   0|    8|          0|
    |sout_V_data_V_1_sel_rd     |    1|   0|    1|          0|
    |sout_V_data_V_1_sel_wr     |    1|   0|    1|          0|
    |sout_V_data_V_1_state      |    2|   0|    2|          0|
    |sout_V_dest_V_1_sel_rd     |    1|   0|    1|          0|
    |sout_V_dest_V_1_state      |    2|   0|    2|          0|
    |sout_V_id_V_1_sel_rd       |    1|   0|    1|          0|
    |sout_V_id_V_1_state        |    2|   0|    2|          0|
    |sout_V_keep_V_1_sel_rd     |    1|   0|    1|          0|
    |sout_V_keep_V_1_state      |    2|   0|    2|          0|
    |sout_V_last_V_1_payload_A  |    1|   0|    1|          0|
    |sout_V_last_V_1_payload_B  |    1|   0|    1|          0|
    |sout_V_last_V_1_sel_rd     |    1|   0|    1|          0|
    |sout_V_last_V_1_sel_wr     |    1|   0|    1|          0|
    |sout_V_last_V_1_state      |    2|   0|    2|          0|
    |sout_V_strb_V_1_sel_rd     |    1|   0|    1|          0|
    |sout_V_strb_V_1_state      |    2|   0|    2|          0|
    |sout_V_user_V_1_sel_rd     |    1|   0|    1|          0|
    |sout_V_user_V_1_state      |    2|   0|    2|          0|
    |tmp_1_reg_8975             |    1|   0|    1|          0|
    |tmp_2_reg_20182            |    1|   0|    1|          0|
    |tmp_4_reg_20177            |    4|   0|    4|          0|
    +---------------------------+-----+----+-----+-----------+
    |Total                      | 8854|   0| 8854|          0|
    +---------------------------+-----+----+-----+-----------+



================================================================
== Interface
================================================================
* Summary: 
+-------------+-----+-----+--------------+---------------+--------------+
|  RTL Ports  | Dir | Bits|   Protocol   | Source Object |    C Type    |
+-------------+-----+-----+--------------+---------------+--------------+
|ap_clk       |  in |    1| ap_ctrl_none |    hw_conv    | return value |
|ap_rst_n     |  in |    1| ap_ctrl_none |    hw_conv    | return value |
|sin_TDATA    |  in |    8|     axis     |  sin_V_data_V |    pointer   |
|sin_TVALID   |  in |    1|     axis     |  sin_V_dest_V |    pointer   |
|sin_TREADY   | out |    1|     axis     |  sin_V_dest_V |    pointer   |
|sin_TDEST    |  in |    1|     axis     |  sin_V_dest_V |    pointer   |
|sin_TKEEP    |  in |    1|     axis     |  sin_V_keep_V |    pointer   |
|sin_TSTRB    |  in |    1|     axis     |  sin_V_strb_V |    pointer   |
|sin_TUSER    |  in |    1|     axis     |  sin_V_user_V |    pointer   |
|sin_TLAST    |  in |    1|     axis     |  sin_V_last_V |    pointer   |
|sin_TID      |  in |    1|     axis     |   sin_V_id_V  |    pointer   |
|sout_TDATA   | out |    8|     axis     | sout_V_data_V |    pointer   |
|sout_TREADY  |  in |    1|     axis     | sout_V_data_V |    pointer   |
|sout_TVALID  | out |    1|     axis     | sout_V_dest_V |    pointer   |
|sout_TDEST   | out |    1|     axis     | sout_V_dest_V |    pointer   |
|sout_TKEEP   | out |    1|     axis     | sout_V_keep_V |    pointer   |
|sout_TSTRB   | out |    1|     axis     | sout_V_strb_V |    pointer   |
|sout_TUSER   | out |    1|     axis     | sout_V_user_V |    pointer   |
|sout_TLAST   | out |    1|     axis     | sout_V_last_V |    pointer   |
|sout_TID     | out |    1|     axis     |  sout_V_id_V  |    pointer   |
+-------------+-----+-----+--------------+---------------+--------------+

